// Jest Snapshot v1, https://goo.gl/fbAQLP

exports[`SearchForm presentational Structure 1`] = `
<div
  className="container"
>
  <Form
    onSubmit={[Function]}
  >
    <div
      className="field"
    >
      <Field
        component={[Function]}
        label="User ID"
        name="userId"
      />
    </div>
    <div
      className="field"
    >
      <Field
        component={[Function]}
        fullWidth={true}
        label="Connection ID"
        name="connId"
      />
    </div>
    <div
      className="field"
    >
      <Field
        component={[Function]}
        fullWidth={true}
        label="Transaction ID"
        name="transId"
      />
    </div>
    <div
      className="field"
    >
      <Field
        component={[Function]}
        fullWidth={true}
        label="Message"
        name="message"
      />
    </div>
    <FormValues />
    <p
      className="textHeading"
    >
      Advanced Filters
    </p>
    <Field
      component={[Function]}
      label="Include dw_thcnagios logs"
      labelProps={
        Object {
          "className": "searchFormLabel",
        }
      }
      name="dwThcnagios"
    />
    <WithStyles(ForwardRef(Accordion))>
      <WithStyles(ForwardRef(AccordionSummary))
        expandIcon={
          <WithStyles(ForwardRef(Icon))>
            expand_more
          </WithStyles(ForwardRef(Icon))>
        }
      >
        Log Levels
      </WithStyles(ForwardRef(AccordionSummary))>
      <WithStyles(ForwardRef(AccordionDetails))>
        <div
          className="logFieldGroup"
        >
          <WithStyles(FormValues)
            key="error"
            logLevel="error"
          />
          <WithStyles(FormValues)
            key="warning"
            logLevel="warning"
          />
          <WithStyles(FormValues)
            key="debug"
            logLevel="debug"
          />
          <WithStyles(FormValues)
            key="info"
            logLevel="info"
          />
        </div>
      </WithStyles(ForwardRef(AccordionDetails))>
    </WithStyles(ForwardRef(Accordion))>
    <WithStyles(ForwardRef(Accordion))>
      <WithStyles(ForwardRef(AccordionSummary))
        expandIcon={
          <WithStyles(ForwardRef(Icon))>
            expand_more
          </WithStyles(ForwardRef(Icon))>
        }
      >
        Sources
      </WithStyles(ForwardRef(AccordionSummary))>
      <WithStyles(ForwardRef(AccordionDetails))>
        <div
          className="dateFieldGroup"
        >
          <WithStyles(FormValues)
            key="auth3"
            source="auth3"
          />
          <WithStyles(FormValues)
            key="marketplace"
            source="marketplace"
          />
          <WithStyles(FormValues)
            key="mmp3"
            source="mmp3"
          />
          <WithStyles(FormValues)
            key="dwsproxy"
            source="dwsproxy"
          />
          <WithStyles(FormValues)
            key="loot-generation"
            source="loot-generation"
          />
          <WithStyles(FormValues)
            key="webservice"
            source="webservice"
          />
          <WithStyles(FormValues)
            key="achievements_engine"
            source="achievements_engine"
          />
          <WithStyles(FormValues)
            key="tournament-engine"
            source="tournament-engine"
          />
          <WithStyles(FormValues)
            key="lsg"
            source="lsg"
          />
          <WithStyles(FormValues)
            key="loginqueue"
            source="loginqueue"
          />
          <WithStyles(FormValues)
            key="abtesting"
            source="abtesting"
          />
          <WithStyles(FormValues)
            key="objectstore"
            source="objectstore"
          />
          <WithStyles(FormValues)
            key="commsservice"
            source="commsservice"
          />
          <WithStyles(FormValues)
            key="storage-script-service"
            source="storage-script-service"
          />
          <WithStyles(FormValues)
            key="uno"
            source="uno"
          />
          <WithStyles(FormValues)
            key="umbrella"
            source="umbrella"
          />
        </div>
      </WithStyles(ForwardRef(AccordionDetails))>
    </WithStyles(ForwardRef(Accordion))>
    <div
      className="footer"
    >
      <WithStyles(ForwardRef(Button))
        className="submitButton"
        color="primary"
        disabled={false}
        focusRipple={true}
        key="primary"
        type="submit"
        variant="contained"
      >
        Search
      </WithStyles(ForwardRef(Button))>
    </div>
  </Form>
</div>
`;
