// Jest Snapshot v1, https://goo.gl/fbAQLP

exports[`DeleteStore render component 1`] = `
<ConfirmActionComponent
  actionTrigger="onClick"
  changeCopyPermission={null}
  color="inherit"
  component="IconButton"
  confirm={
    Object {
      "confirmMsg": "Are you sure you want to delete this store?",
      "destructive": true,
      "mainButtonLabel": "Delete",
      "title": "Confirm Delete",
    }
  }
  container="details"
  disabled={false}
  onClick={[Function]}
  tooltip="Delete"
>
  delete
</ConfirmActionComponent>
`;
