// Jest Snapshot v1, https://goo.gl/fbAQLP

exports[`CustomDrawerDropzone renders default properly 1`] = `
<WithStyles(ForwardRef(Drawer))
  anchor="bottom"
  onClose={[Function]}
  open={true}
>
  <n
    accept=".csv"
    className="container"
    disableClick={true}
    disabled={false}
    getDataTransferItems={[Function]}
    inputProps={Object {}}
    maxSize={Infinity}
    minSize={0}
    multiple={true}
    onDrop={[Function]}
    preventDropOnDocument={true}
  >
    <Component />
  </n>
</WithStyles(ForwardRef(Drawer))>
`;
